Git hub 
=========

C:\Windows\system32>git config --global user.name "mehedi-hasan"

C:\Windows\system32>git config --global user.email "hmhd92949@gmail.com"

C:\Windows\system32>git config --list


C:\Windows\system32>git config user.name
Mehedi-Hasan

C:\Windows\system32>git config user.email
hmhd92949@gmail.com

C:\Windows\system32>git config --global --list

mehedi@DESKTOP-RMN1FUF MINGW64 ~
$  ssh-keygen -o -t rsa -C hmhd92949@gmail.com
Generating public/private rsa key pair.
Enter file in which to save the key (/c/Users/mehedi/.ssh/id_rsa):
Enter passphrase (empty for no passphrase):
Enter same passphrase again:
Your identification has been saved in /c/Users/mehedi/.ssh/id_rsa
Your public key has been saved in /c/Users/mehedi/.ssh/id_rsa.pub
The key fingerprint is:
SHA256:xXwY58VwpVFC0eBhZUVOSthkCGgWb7yfrQCvYPAywCc hmhd92949@gmail.com
The key's randomart image is:
+---[RSA 3072]----+
|        .oo.oO#OX|
|        += =oBoX.|
|       o  O o + .|
| .       o o     |
|  E o   S .      |
|   + o   o . o   |
|    o +   o o .  |
|     + . . . .   |
|        .   .    |
+----[SHA256]-----+



mehedi@DESKTOP-RMN1FUF MINGW64 ~
$ cd /c/Users/mehedi/.ssh

mehedi@DESKTOP-RMN1FUF MINGW64 ~/.ssh
$ ls
id_rsa  id_rsa.pub  known_hosts  known_hosts.old

mehedi@DESKTOP-RMN1FUF MINGW64 ~/.ssh
$ vim id_rsa.pub



ssh-rsa AAAAB3NzaC1yc2EAAAADAQABAAABgQDCbbMJ8NVIQG58KjcodihRNHguL2Rp+5UVEFQRTfocAcKWycC8fqLX4GRfVfZM+E+KRoRA1QvVwJmWc43yR2BIteaQxYnOlJYHd7dlemAnlmWbWEVsZ09sR+Iuq5zukvz9UOdKqDJiyUS862DduFqp0xmw5BPpKZJpKx37s6Ej2S5oQR4eQ2VlxLoDWHoGVZB5OHzkSZPXdO/zfGFvazoFugmAAU5A4ywZsXXhEMtd5/2WUl0nOm1+suGu9GBaeh4wbfTjP5H4jEHX+gcYFO8kBrtu2/m23cGIIeCOkLP1mb0o1yYa5F36TEz2BekI8qfS5s8ig2d+Zjn5fIUtz1FRT/ARH7/RXXozRaMeiVx4IIa5wa72eyhOWFNayGMCdNd08lUSaU3uV4Ev2kA4xIgrTtZICOA+puvRD+7+TlX3Eurx67clkjJk8C16DcqolnANZb35Y9g5ZKZK5OjaRbcBwoOjHQ4webf80cM//59HDdvOv9P3osSOlRzPcAmhhYE= hmhd92949@gmail.com


mehedi@DESKTOP-RMN1FUF MINGW64 /D/Share_Folder_1/Office_Web
$ git init

mehedi@DESKTOP-RMN1FUF MINGW64 /D/Share_Folder_1/Office_Web (master)
$ git status

mehedi@DESKTOP-RMN1FUF MINGW64 /D/Share_Folder_1/Office_Web (master)
$ git add .

$ git diff

mehedi@DESKTOP-RMN1FUF MINGW64 /D/Share_Folder_1/Office_Web (master)
$ git commit -m "updat virsion - 1"

mehedi@DESKTOP-RMN1FUF MINGW64 /D/Share_Folder_1/Office_Web (master)
$ git log



mehedi@DESKTOP-RMN1FUF MINGW64 /D/Share_Folder_1/Office_Web (master)
$ git remote

mehedi@DESKTOP-RMN1FUF MINGW64 /D/Share_Folder_1/Office_Web (master)
$ git remote add origin https://github.com/mehediii1994/OFFICE_WEB.git

mehedi@DESKTOP-RMN1FUF MINGW64 /D/Share_Folder_1/Office_Web (master)
$ git remote
origin

mehedi@DESKTOP-RMN1FUF MINGW64 /D/Share_Folder_1/Office_Web (master)
$ git remote -v
origin  https://github.com/mehediii1994/OFFICE_WEB.git (fetch)
origin  https://github.com/mehediii1994/OFFICE_WEB.git (push)


mehedi@DESKTOP-RMN1FUF MINGW64 /D/Share_Folder_1/Office_Web (master)
$ git remote clone https://github.com/mehediii1994/OFFICE_WEB.git

mehedi@DESKTOP-RMN1FUF MINGW64 /D/Share_Folder_1/Office_Web (master)
$ git push -u origin main


trabol shoot
==============

mehedi@DESKTOP-RMN1FUF MINGW64 /D/Share_Folder_1/cmd_upload_file (master)
$ git branch
* master

mehedi@DESKTOP-RMN1FUF MINGW64 /D/Share_Folder_1/cmd_upload_file (master)
$ git branch -M main

git clone https://github.com/mehediii1994/25_Backup.git

mehedi@DESKTOP-RMN1FUF MINGW64 /D/Share_Folder_1/cmd_upload_file (main)
git pull origin main --allow-unrelated-histories
git add <conflicted-file>
git commit -m "Merge remote changes"
git push -u origin main
git push -u origin main --force
 
 
 
 
 
 
 Summary of Github
 ===================
 
git init
git add README.md
git commit -m "first commit"
git branch -M main
git remote add origin https://github.com/mehediii1994/Huawei-SWITCH.git
git push -u origin main/master

convert master file to main file
	 git branch -m main

git init
git commit -m "first commit"
git branch -M main
git remote add origin https://github.com/mehediii1994/25_Backup.git
git push -u origin main

====================================

jokho repository change korbo tokhon ei golar kaj
==================================================

mehedi@DESKTOP-9BOMVCP MINGW64 /d/Git-file/26_Jun_2025_progaming_folder (main)
$ git remote add origin https://github.com/mehediii1994/26_jan_New_repository.git
error: remote origin already exists.

mehedi@DESKTOP-9BOMVCP MINGW64 /d/Git-file/26_Jun_2025_progaming_folder (main)
$ git remote -v
\
origin  https://github.com/mehediii1994/Notpad-.git (fetch)
origin  https://github.com/mehediii1994/Notpad-.git (push)
> git remote remove origin

mehedi@DESKTOP-9BOMVCP MINGW64 /d/Git-file/26_Jun_2025_progaming_folder (main)
$ git remote -v

mehedi@DESKTOP-9BOMVCP MINGW64 /d/Git-file/26_Jun_2025_progaming_folder (main)
$ git remote add origin https://github.com/mehediii1994/26_jan_New_repository.git

mehedi@DESKTOP-9BOMVCP MINGW64 /d/Git-file/26_Jun_2025_progaming_folder (main)
$ git remote -v
origin  https://github.com/mehediii1994/26_jan_New_repository.git (fetch)
origin  https://github.com/mehediii1994/26_jan_New_repository.git (push)

mehedi@DESKTOP-9BOMVCP MINGW64 /d/Git-file/26_Jun_2025_progaming_folder (main)